[the-goonies.webflow.io/index.html]
[backblue.gif]
[fade.gif]
[index.html]
[uploads-ssl.webflow.com/5cff83ac2044e22cb8cf2f11/css/the-goonies.webflow.fb887c4b7.css]
[ajax.googleapis.com/ajax/libs/webfont/1.6.26/webfont.js]
[uploads-ssl.webflow.com/5cff83ac2044e22cb8cf2f11/5d066805c9e4d68529d19eea_icon.png]
[uploads-ssl.webflow.com/5cff83ac2044e22cb8cf2f11/5d29850fe06f4c1b4e9a52ca_Goonies-lg.jpg]
[uploads-ssl.webflow.com/5cff83ac2044e22cb8cf2f11/5d0b9fae51a0ce8eaad6bd20_close.png]
[uploads-ssl.webflow.com/5cff83ac2044e22cb8cf2f11/5d1ccf5390704ad21f992d8e_skull.png]
[uploads-ssl.webflow.com/5cff83ac2044e22cb8cf2f11/5d10efb50442bf42883dc80d_speaker-icon.png]
[unpkg.com/udesly-styler-widget-loader@latest/dist/udesly-styler-widget-loader.7.delayed]
[unpkg.com/udesly-styler-widget-loader@0.0.8/dist/udesly-styler-widget-loader.js]
[uploads-ssl.webflow.com/5cff83ac2044e22cb8cf2f11/5d00043816a6c695bcf1581a_scroll.gif]
[uploads-ssl.webflow.com/5cff83ac2044e22cb8cf2f11/5cffeb65d43eb732944316c4_logo.png]
[uploads-ssl.webflow.com/5cff83ac2044e22cb8cf2f11/5d063f8b8518920d1efcffe0_drag.png]
[uploads-ssl.webflow.com/5cff83ac2044e22cb8cf2f11/5d00256012408bddc81a0512_arrow.png]
[uploads-ssl.webflow.com/5cff83ac2044e22cb8cf2f11/5d25cdda7dcddd7271ddc7da_coin.png]
[uploads-ssl.webflow.com/5cff83ac2044e22cb8cf2f11/5d25c68703e41086eb3b2da1_key-min.png]
